<html>
<body>
<pre>
<h1>µVision Build Log</h1>
<h2>Tool Versions:</h2>
IDE-Version: µVision V5.43.1.0
Copyright (C) 2025 ARM Ltd and ARM Germany GmbH. All rights reserved.
License Information: David X, UWB, LIC=----
 
Tool Versions:
Toolchain:       MDK-Lite  Version: 5.43.0.0
Toolchain Path:  C:\Users\David\AppData\Local\Keil_v5\ARM\ARMCLANG\Bin
C Compiler:      ArmClang.exe V6.24
Assembler:       Armasm.exe V6.24
Linker/Locator:  ArmLink.exe V6.24
Library Manager: ArmAr.exe V6.24
Hex Converter:   FromElf.exe V6.24
CPU DLL:         SARMCM3.DLL V5.43.0.0
Dialog DLL:      DCM.DLL V1.17.5.0
Target DLL:      UL2CM3.DLL V1.164.16.0
Dialog DLL:      TCM.DLL V1.56.6.0
 
<h2>Project:</h2>
C:\Users\sortt\Code\Keil\Part 3\finalpart3.uvprojx
Project File Date:  05/22/2026

<h2>Output:</h2>
*** Using Compiler 'V6.24', folder: 'C:\Users\David\AppData\Local\Keil_v5\ARM\ARMCLANG\Bin'
Build target 'Target_1'
Note: source file 'RTE/Device/TM4C129XNCZAD/startup_TM4C129.s' - object file renamed from '.\Objects\startup_TM4C129.o' to '.\Objects\startup_tm4c129_1.o'.
Note: source file 'RTE/Device/TM4C129XNCZAD/startup_TM4C129.s' - object file renamed from '.\Objects\startup_TM4C129.o' to '.\Objects\startup_tm4c129_1.o'.
"heap.s", line 378: Warning: A1581W: Added 2 bytes of padding at address 0x1e2
  378 000001e4   END
0 Errors, 1 Warning
assembling heap.s...
linking...
Program Size: Code=1562 RO-data=554 RW-data=4 ZI-data=24576  
".\Objects\finalpart3.axf" - 0 Error(s), 0 Warning(s).

<h2>Software Packages used:</h2>

Package Vendor: ARM
                https://www.keil.com/pack/ARM.CMSIS.6.3.0.pack
                ARM::CMSIS@6.3.0
                CMSIS (Common Microcontroller Software Interface Standard)
   * Component: CORE Version: 6.2.0

Package Vendor: Keil
                http://www.keil.com/pack/Keil.TM4C_DFP.1.1.0.pack
                Keil::TM4C_DFP@1.1.0
                Texas Instruments Tiva C Series Device Support and Examples
   * Component: Startup Version: 1.0.0

<h2>Collection of Component include folders:</h2>
  ./RTE/_Target_1
  C:/Users/David/AppData/Local/Arm/Packs/ARM/CMSIS/6.3.0/CMSIS/Core/Include
  C:/Users/David/AppData/Local/Arm/Packs/Keil/TM4C_DFP/1.1.0/Device/Include/TM4C129

<h2>Collection of Component Files used:</h2>

   * Component: ARM::CMSIS:CORE@6.2.0

   * Component: Keil::Device:Startup@1.0.0
      Source file:   Device/Source/system_TM4C129.c
      Include file:  Device/Include/TM4C129/TM4C129.h
      Source file:   Device/Source/ARM/startup_TM4C129.s
Build Time Elapsed:  00:00:05
</pre>
</body>
</html>
